// Jest Snapshot v1, https://goo.gl/fbAQLP

exports[`TabTwoScreen renders correctly 1`] = `
<View
  style={
    [
      {
        "backgroundColor": "#fff",
      },
      {
        "flex": 1,
      },
    ]
  }
>
  <RCTScrollView
    collapsable={false}
    forwardedRef={[Function]}
    jestAnimatedStyle={
      {
        "value": {},
      }
    }
    scrollEventThrottle={16}
  >
    <View>
      <View
        collapsable={false}
        jestAnimatedStyle={
          {
            "value": {
              "transform": [
                {
                  "translateY": 0,
                },
                {
                  "scale": 1,
                },
              ],
            },
          }
        }
        style={
          {
            "backgroundColor": "#D0D0D0",
            "height": 250,
            "overflow": "hidden",
            "transform": [
              {
                "translateY": 0,
              },
              {
                "scale": 1,
              },
            ],
          }
        }
      >
        <Text />
      </View>
      <View
        style={
          [
            {
              "backgroundColor": "#fff",
            },
            {
              "flex": 1,
              "gap": 16,
              "overflow": "hidden",
              "padding": 32,
            },
          ]
        }
      >
        <View
          style={
            [
              {
                "backgroundColor": "#fff",
              },
              {
                "flexDirection": "row",
                "gap": 8,
              },
            ]
          }
        >
          <Text
            style={
              [
                {
                  "color": "#11181C",
                },
                undefined,
                {
                  "fontSize": 32,
                  "fontWeight": "bold",
                  "lineHeight": 32,
                },
                undefined,
                undefined,
                undefined,
                undefined,
              ]
            }
          >
            Explore
          </Text>
        </View>
        <Text
          style={
            [
              {
                "color": "#11181C",
              },
              {
                "fontSize": 16,
                "lineHeight": 24,
              },
              undefined,
              undefined,
              undefined,
              undefined,
              undefined,
            ]
          }
        >
          This app uses the following technologies:
        </Text>
        <View
          style={
            [
              {
                "backgroundColor": "#fff",
              },
              undefined,
            ]
          }
        >
          <View
            accessibilityState={
              {
                "busy": undefined,
                "checked": undefined,
                "disabled": undefined,
                "expanded": undefined,
                "selected": undefined,
              }
            }
            accessibilityValue={
              {
                "max": undefined,
                "min": undefined,
                "now": undefined,
                "text": undefined,
              }
            }
            accessible={true}
            collapsable={false}
            focusable={true}
            onClick={[Function]}
            onResponderGrant={[Function]}
            onResponderMove={[Function]}
            onResponderRelease={[Function]}
            onResponderTerminate={[Function]}
            onResponderTerminationRequest={[Function]}
            onStartShouldSetResponder={[Function]}
            style={
              {
                "alignItems": "center",
                "flexDirection": "row",
                "gap": 6,
                "opacity": 1,
              }
            }
          >
            <Text />
            <Text
              style={
                [
                  {
                    "color": "#11181C",
                  },
                  undefined,
                  undefined,
                  {
                    "fontSize": 16,
                    "fontWeight": "600",
                    "lineHeight": 24,
                  },
                  undefined,
                  undefined,
                  undefined,
                ]
              }
            >
              Technologies Used
            </Text>
          </View>
        </View>
      </View>
    </View>
  </RCTScrollView>
</View>
`;
